// Jest Snapshot v1, https://goo.gl/fbAQLP

exports[`should correctly render Front 1`] = `
<section
  id="homesection"
>
  <section
    className="details"
  >
    <div
      className="about"
    >
      <h2>
        About Michael
      </h2>
      <h3
        className="quote"
      >
        JavaScript developer with a passion for Web Standards and DevOps
      </h3>
      <section
        className="row infoblock-container"
      >
        <div
          className="infoblock"
        >
          <h4>
            <FontAwesomeIcon
              border={false}
              className=""
              fixedWidth={false}
              flip={null}
              icon={
                Object {
                  "icon": Array [
                    448,
                    512,
                    Array [],
                    "f02d",
                    "M448 360V24c0-13.3-10.7-24-24-24H96C43 0 0 43 0 96v320c0 53 43 96 96 96h328c13.3 0 24-10.7 24-24v-16c0-7.5-3.5-14.3-8.9-18.7-4.2-15.4-4.2-59.3 0-74.7 5.4-4.3 8.9-11.1 8.9-18.6zM128 134c0-3.3 2.7-6 6-6h212c3.3 0 6 2.7 6 6v20c0 3.3-2.7 6-6 6H134c-3.3 0-6-2.7-6-6v-20zm0 64c0-3.3 2.7-6 6-6h212c3.3 0 6 2.7 6 6v20c0 3.3-2.7 6-6 6H134c-3.3 0-6-2.7-6-6v-20zm253.4 250H96c-17.7 0-32-14.3-32-32 0-17.6 14.4-32 32-32h285.4c-1.9 17.1-1.9 46.9 0 64z",
                  ],
                  "iconName": "book",
                  "prefix": "fas",
                }
              }
              inverse={false}
              listItem={false}
              mask={null}
              pull={null}
              pulse={false}
              rotation={null}
              size={null}
              spin={false}
              swapOpacity={false}
              symbol={false}
              title=""
              transform={null}
            />
             Eager to learn
          </h4>
          <p>
            Even though I have several years of experience with Software Development I'm always eager to learn more to increase my knowledge.
          </p>
        </div>
        <div
          className="infoblock"
        >
          <h4>
            <FontAwesomeIcon
              border={false}
              className=""
              fixedWidth={false}
              flip={null}
              icon={
                Object {
                  "icon": Array [
                    512,
                    512,
                    Array [],
                    "f004",
                    "M462.3 62.6C407.5 15.9 326 24.3 275.7 76.2L256 96.5l-19.7-20.3C186.1 24.3 104.5 15.9 49.7 62.6c-62.8 53.6-66.1 149.8-9.9 207.9l193.5 199.8c12.5 12.9 32.8 12.9 45.3 0l193.5-199.8c56.3-58.1 53-154.3-9.8-207.9z",
                  ],
                  "iconName": "heart",
                  "prefix": "fas",
                }
              }
              inverse={false}
              listItem={false}
              mask={null}
              pull={null}
              pulse={false}
              rotation={null}
              size={null}
              spin={false}
              swapOpacity={false}
              symbol={false}
              title=""
              transform={null}
            />
             Motivated
          </h4>
          <p>
            With my volunteer work for Mozilla I'm very passionate about the Open Web and Software Engineering in general.
          </p>
        </div>
      </section>
    </div>
    <section
      className="sidebar"
    >
      <h3>
        Personal Info
      </h3>
      <div
        className="sidebar-info"
      >
        <div
          className="row"
        >
          <div>
            Name:
          </div>
          <div>
            Michael Kohler
          </div>
        </div>
        <div
          className="row"
        >
          <div>
            Date of Birth:
          </div>
          <div>
            30/11/1991
          </div>
        </div>
        <div
          className="row"
        >
          <div>
            Place:
          </div>
          <div>
            Berlin, Germany
            <br />
            originally from Bern, Switzerland
          </div>
        </div>
        <div
          className="row"
        >
          <div>
            eMail:
          </div>
          <a
            href="mailto:me@michaelkohler.info"
          >
            me@michaelkohler.info
          </a>
        </div>
        <div
          className="row"
        >
          <div>
            Languages (fluent):
          </div>
          <div>
            German, English
          </div>
        </div>
      </div>
    </section>
  </section>
  <section
    className="experience-info"
  >
    <section
      className="sidebar skills"
    >
      <h3>
        Skills
      </h3>
      <div
        className="sidebar-info"
      >
        <div
          className="row"
        >
          <div>
            Programming Languages:
          </div>
          <div>
            JavaScript, HTML, CSS, Python, Lua, Bash, Rust
          </div>
        </div>
        <div
          className="row"
        >
          <div>
            DevOps:
          </div>
          <div>
            Pipelines/Actions, Docker, Kubernetes, Grafana, Prometheus, GitLab, Ansible
          </div>
        </div>
        <div
          className="row"
        >
          <div>
            Databases:
          </div>
          <div>
            MySQL, MongoDB
          </div>
        </div>
        <div
          className="row"
        >
          <div>
            IoT:
          </div>
          <div>
            Z-Wave, Device Management, Raspberry Pi
          </div>
        </div>
        <div
          className="row"
        >
          <div>
            Methodologies:
          </div>
          <div>
            Scrum, Pair Programming, TDD, Feature Flags
          </div>
        </div>
        <div
          className="row"
        >
          <div>
            Product:
          </div>
          <div>
            Requirement Engineering, Backlog Grooming, Sprint Planning
          </div>
        </div>
        <div
          className="row"
        >
          <div>
            Management:
          </div>
          <div>
            Mentoring, Conflict Resolution
          </div>
        </div>
      </div>
    </section>
    <div
      className="pro-experience"
    >
      <h3>
        Experience
      </h3>
      <div
        className="experience"
      >
        <ul>
          <li
            className="date"
          >
            04/2008 - now
          </li>
          <li
            className="company"
          >
            <a
              href="https://www.mozilla.org"
            >
              Volunteer @ Mozilla Foundation
            </a>
          </li>
          <li
            className="position"
          >
            Developer, Community Builder
          </li>
          <li
            className="responsibilities"
          >
            <ul>
              <li>
                Mozilla Rep since 2012 (served on the Reps Council and now a Reps Module Peer)
              </li>
              <li>
                Community Building in Switzerland and Germany
              </li>
              <li>
                Improved the Common Voice Sentence Collector (Node.js, React, MySQL)
              </li>
              <li>
                Improved the Common Voice Sentence Extractor (Rust)
              </li>
              <li>
                Implemented several GitHub Actions to automate processes for Common Voice
              </li>
              <li>
                Created several volunteer campaign websites to boost volunteer involvement
              </li>
              <li>
                Wrote several patches for Firefox (JavaScript, XUL)
              </li>
            </ul>
          </li>
        </ul>
        <ul>
          <li
            className="date"
          >
            02/2019 - 12/2020
          </li>
          <li
            className="company"
          >
            <a
              href="http://www.control4.com"
            >
              Control4 (acquired NEEO)
            </a>
          </li>
          <li
            className="position"
          >
            Senior Software Development Engineer
          </li>
          <li
            className="responsibilities"
          >
            <ul>
              <li>
                Integration of the Neeo Remote into the Control4 system
              </li>
              <li>
                Development of the Neeo middleware running on the Control4 controller (Node.js)
              </li>
              <li>
                Bugfixes on the Control4 remote driver (Lua)
              </li>
              <li>
                Feature Flags implementation and administration
              </li>
              <li>
                Improvements to Automated Test Infrastructure (Python, Ansible, GitLab)
              </li>
              <li>
                Implementation of Metrics Tracking and Dashboards (Node.js, SQL, Grafana)
              </li>
              <li>
                Responsible for Release Management processes and tools
              </li>
              <li>
                Scrum Master
              </li>
            </ul>
          </li>
        </ul>
        <ul>
          <li
            className="date"
          >
            11/2016 - 01/2019
          </li>
          <li
            className="company"
          >
            <a
              href="http://www.neeo.com"
            >
              NEEO AG
            </a>
          </li>
          <li
            className="position"
          >
            JavaScript Developer
          </li>
          <li
            className="responsibilities"
          >
            <ul>
              <li>
                Development of the NEEO services serving content to the remote (Node.js, Linux)
              </li>
              <li>
                Integration of Z-Wave devices into NEEO (including certification)
              </li>
              <li>
                Development of the NEEO App for configuration (Ionic, AngularJS)
              </li>
              <li>
                Development of the NEEO Cloud to manage customer accounts and firmware groups
              </li>
              <li>
                Customer Support on the NEEO Planet
              </li>
            </ul>
          </li>
        </ul>
        <ul>
          <li
            className="date"
          >
            04/2015 - 10/2016
          </li>
          <li
            className="company"
          >
            <a
              href="http://www.netcase.ch"
            >
              NETCASE GmbH
            </a>
          </li>
          <li
            className="position"
          >
            Web Developer
          </li>
          <li
            className="responsibilities"
          >
            <ul>
              <li>
                Created several smaller websites (Vanilla JS, Sails.js)
              </li>
              <li>
                Worked on a larger product management tool (Node.js, Loopback, AngularJS)
              </li>
            </ul>
          </li>
        </ul>
        <ul>
          <li
            className="date"
          >
            01/2014 - 02/2015
          </li>
          <li
            className="company"
          >
            <a
              href="http://www.swisscom.ch"
            >
              Swisscom Banking Provider AG
            </a>
          </li>
          <li
            className="position"
          >
            Application Developer, 2nd-Level-Support Document Output Management
          </li>
          <li
            className="responsibilities"
          >
            <ul>
              <li>
                Worked on a large project to migrate the core banking platform of several banks
              </li>
              <li>
                Responsible for the Document Output System used to print customer documents
              </li>
              <li>
                Improvements and adjustments to documents and wizard (C#, VBA, Office)
              </li>
              <li>
                Requirement engineering and project management for the Document Output System
              </li>
            </ul>
          </li>
        </ul>
        <ul>
          <li
            className="date"
          >
            08/2010 - 12/2013
          </li>
          <li
            className="company"
          >
            <a
              href="http://www.entris-banking.ch"
            >
              Entris Banking AG
            </a>
          </li>
          <li
            className="position"
          >
            Application Developer, 2nd-Level-Support Document Output Management
          </li>
          <li
            className="responsibilities"
          >
            <ul>
              <li>
                Worked on a large project to migrate the core banking platform of several banks
              </li>
              <li>
                Responsible for a part of the Document Output System
              </li>
              <li>
                Improvements and adjustments to documents (VBA, Office)
              </li>
              <li>
                Requirement engineering and project management for the Document Output System
              </li>
            </ul>
          </li>
        </ul>
      </div>
      <h3>
        Education
      </h3>
      <div
        className="experience"
      >
        <ul>
          <li
            className="date"
          >
            02/2013 - 02/2017
          </li>
          <li
            className="company"
          >
            <a
              href="https://www.ffhs.ch"
            >
              Fernfachhochschule Schweiz
            </a>
          </li>
          <li
            className="position"
          >
            Computer Science, not finished
          </li>
        </ul>
        <ul>
          <li
            className="date"
          >
            09/2011 - 01/2013
          </li>
          <li
            className="company"
          >
            <a
              href="http://www.inf.unibe.ch/index_eng.html"
            >
              University of Bern
            </a>
          </li>
          <li
            className="position"
          >
            Computer Science, not finished
          </li>
        </ul>
        <ul>
          <li
            className="date"
          >
            08/2006 - 07/2010
          </li>
          <li
            className="company"
          >
            <a
              href="http://www.gymneufeld.ch"
            >
              Gymnasium Neufeld
            </a>
          </li>
          <li
            className="position"
          >
            Matura
          </li>
        </ul>
      </div>
    </div>
  </section>
</section>
`;
